---
source: crates/crosspack-cli/src/tests.rs
assertion_line: 9608
expression: output
---
resolved           ripgrep 14.1.0 for x86_64-unknown-linux-gnu
archive            tar.zst
artifact           https://example.test/ripgrep-14.1.0.tar.zst
cache              /tmp/crosspack/cache/ripgrep/14.1.0/artifact.tar.zst (downloaded)
install_root       /tmp/crosspack/pkgs/ripgrep/14.1.0
exposed_bins       rg
exposed_completions bash:rg
exposed_gui_assets app:dev.ripgrep.viewer
native_gui_records app:dev.ripgrep.viewer
receipt            /tmp/crosspack/state/installed/ripgrep.receipt
